---
# Source: agentgateway/templates/poddisruptionbudget.yaml
apiVersion: policy/v1
kind: PodDisruptionBudget
metadata:
  name: test-release-agentgateway
  namespace: default
  labels:
    helm.sh/chart: agentgateway-0.0.2
    agentgateway: agentgateway
    app.kubernetes.io/name: agentgateway
    app.kubernetes.io/instance: test-release
    app.kubernetes.io/version: "0.0.1"
    app.kubernetes.io/managed-by: Helm
spec:
  selector:
    matchLabels:
      agentgateway: agentgateway
      app.kubernetes.io/name: agentgateway
      app.kubernetes.io/instance: test-release
  minAvailable: 1
---
# Source: agentgateway/templates/serviceaccount.yaml
apiVersion: v1
kind: ServiceAccount
metadata:
  name: test-release-agentgateway
  namespace: default
  labels:
    helm.sh/chart: agentgateway-0.0.2
    agentgateway: agentgateway
    app.kubernetes.io/name: agentgateway
    app.kubernetes.io/instance: test-release
    app.kubernetes.io/version: "0.0.1"
    app.kubernetes.io/managed-by: Helm
---
# Source: agentgateway/templates/role.yaml
apiVersion: rbac.authorization.k8s.io/v1
kind: ClusterRole
metadata:
  name: agentgateway-default
rules:
- apiGroups:
  - ""
  resources:
  - configmaps
  - services
  verbs:
  - create
  - delete
  - get
  - list
  - patch
  - update
  - watch
- apiGroups:
  - ""
  resources:
  - endpoints
  - namespaces
  - nodes
  - pods
  verbs:
  - get
  - list
  - watch
- apiGroups:
  - ""
  resources:
  - events
  verbs:
  - create
  - patch
- apiGroups:
  - ""
  resources:
  - secrets
  - serviceaccounts
  verbs:
  - create
  - delete
  - get
  - list
  - patch
  - watch
- apiGroups:
  - agentgateway.dev
  resources:
  - agentgatewaybackends
  - agentgatewayparameters
  - agentgatewaypolicies
  verbs:
  - get
  - list
  - watch
- apiGroups:
  - agentgateway.dev
  resources:
  - agentgatewaybackends/status
  - agentgatewayparameters/status
  - agentgatewaypolicies/status
  verbs:
  - get
  - patch
  - update
- apiGroups:
  - apiextensions.k8s.io
  resources:
  - customresourcedefinitions
  verbs:
  - get
  - list
  - watch
- apiGroups:
  - apps
  resources:
  - deployments
  verbs:
  - create
  - delete
  - get
  - list
  - patch
  - update
  - watch
- apiGroups:
  - authentication.k8s.io
  resources:
  - tokenreviews
  verbs:
  - create
- apiGroups:
  - coordination.k8s.io
  resources:
  - leases
  verbs:
  - create
  - get
  - update
- apiGroups:
  - discovery.k8s.io
  resources:
  - endpointslices
  verbs:
  - get
  - list
  - watch
- apiGroups:
  - gateway.networking.k8s.io
  resources:
  - backendtlspolicies
  - gateways
  - grpcroutes
  - httproutes
  - referencegrants
  - tcproutes
  - tlsroutes
  verbs:
  - get
  - list
  - watch
- apiGroups:
  - gateway.networking.k8s.io
  resources:
  - backendtlspolicies/status
  - gatewayclasses/status
  - gateways/status
  - grpcroutes/status
  - httproutes/status
  - tcproutes/status
  - tlsroutes/status
  verbs:
  - patch
  - update
- apiGroups:
  - gateway.networking.k8s.io
  resources:
  - gatewayclasses
  verbs:
  - create
  - get
  - list
  - patch
  - update
  - watch
- apiGroups:
  - gateway.networking.x-k8s.io
  resources:
  - xlistenersets
  verbs:
  - get
  - list
  - watch
- apiGroups:
  - gateway.networking.x-k8s.io
  resources:
  - xlistenersets/status
  verbs:
  - patch
  - update
- apiGroups:
  - networking.istio.io
  resources:
  - destinationrules
  - serviceentries
  - workloadentries
  verbs:
  - get
  - list
  - watch
- apiGroups:
  - security.istio.io
  resources:
  - authorizationpolicies
  verbs:
  - get
  - list
  - watch
---
# Source: agentgateway/templates/serviceaccount.yaml
apiVersion: rbac.authorization.k8s.io/v1
kind: ClusterRoleBinding
metadata:
  name: agentgateway-role-default
subjects:
- kind: ServiceAccount
  name: test-release-agentgateway
  namespace: default
roleRef:
  kind: ClusterRole
  name: agentgateway-default
  apiGroup: rbac.authorization.k8s.io
---
# Source: agentgateway/templates/service.yaml
apiVersion: v1
kind: Service
metadata:
  name: test-release-agentgateway
  namespace: default
  labels:
    helm.sh/chart: agentgateway-0.0.2
    agentgateway: agentgateway
    app.kubernetes.io/name: agentgateway
    app.kubernetes.io/instance: test-release
    app.kubernetes.io/version: "0.0.1"
    app.kubernetes.io/managed-by: Helm
spec:
  type: ClusterIP
  ports:
  - name: grpc-xds-agw
    protocol: TCP
    port: 9978
    targetPort: grpc-xds-agw
  - name: health
    protocol: TCP
    port: 9093
    targetPort: health
  - name: metrics
    protocol: TCP
    port: 9092
    targetPort: metrics
  selector:
    agentgateway: agentgateway
    app.kubernetes.io/name: agentgateway
    app.kubernetes.io/instance: test-release
---
# Source: agentgateway/templates/deployment.yaml
apiVersion: apps/v1
kind: Deployment
metadata:
  name: test-release-agentgateway
  namespace: default
  labels:
    helm.sh/chart: agentgateway-0.0.2
    agentgateway: agentgateway
    app.kubernetes.io/name: agentgateway
    app.kubernetes.io/instance: test-release
    app.kubernetes.io/version: "0.0.1"
    app.kubernetes.io/managed-by: Helm
spec:
  replicas: 1
  selector:
    matchLabels:
      agentgateway: agentgateway
      app.kubernetes.io/name: agentgateway
      app.kubernetes.io/instance: test-release
  template:
    metadata:
      annotations:
        prometheus.io/path: "/metrics"
        prometheus.io/port: "9092"
        prometheus.io/scrape: "true"
      labels:
        agentgateway: agentgateway
        app.kubernetes.io/name: agentgateway
        app.kubernetes.io/instance: test-release
    spec:
      serviceAccountName: test-release-agentgateway
      containers:
        - name: controller
          image: "cr.agentgateway.dev/controller:v0.0.1"
          imagePullPolicy: IfNotPresent
          ports:
            - containerPort: 9978
              name: grpc-xds-agw
              protocol: TCP
            - containerPort: 9093
              name: health
              protocol: TCP
            - containerPort: 9092
              name: metrics
              protocol: TCP
          readinessProbe:
            httpGet:
              path: /readyz
              port: 9093
            initialDelaySeconds: 1
            periodSeconds: 10
          startupProbe:
            httpGet:
              path: /readyz
              port: 9093
            initialDelaySeconds: 0
            periodSeconds: 1
            
            failureThreshold: 120
          env:
            - name: GOMEMLIMIT
              valueFrom:
                resourceFieldRef:
                  divisor: "1"
                  resource: limits.memory
            - name: GOMAXPROCS
              valueFrom:
                resourceFieldRef:
                  divisor: "1"
                  resource: limits.cpu
            - name: KGW_LOG_LEVEL
              value: "info"
            - name: KGW_XDS_SERVICE_NAME
              value: test-release-agentgateway
            - name: KGW_AGENTGATEWAY_XDS_SERVICE_PORT
              value: "9978"
            - name: KGW_DISCOVERY_NAMESPACE_SELECTORS
              value: "[]"
            - name: KGW_ENABLE_AGENTGATEWAY
              value: "true"
            - name: KGW_ENABLE_ENVOY
              value: "false"
            - name: KGW_GATEWAY_CLASS_PARAMETERS_REFS
              value: "{}"
            - name: POD_NAMESPACE
              valueFrom:
                fieldRef:
                  fieldPath: metadata.namespace
          resources:
            {}
